// Vitest Snapshot v1, https://vitest.dev/guide/snapshot.html

exports[`<CardTitle /> > should render a snapshot 1`] = `
<h1
  class="my-4 flex items-center justify-between text-xl font-semibold"
>
  valid name
  <svg
    class="lucide lucide-arrow-up-right"
    data-testid="icon"
    fill="none"
    height="24"
    stroke="currentColor"
    stroke-linecap="round"
    stroke-linejoin="round"
    stroke-width="2"
    viewBox="0 0 24 24"
    width="24"
    xmlns="http://www.w3.org/2000/svg"
  >
    <path
      d="M7 7h10v10"
    />
    <path
      d="M7 17 17 7"
    />
  </svg>
</h1>
`;
