// Vitest Snapshot v1, https://vitest.dev/guide/snapshot.html

exports[`Input > should render a snapshot 1`] = `
<div>
  <input
    class="w-full text-zinc-900 dark:text-zinc-100 border-[1px] border-primary-200 dark:border-primary-800 py-2 px-4 rounded-md bg-transparent outline-none focus:border-primary-500 dark:focus:border-primary-300 disabled:opacity-40 disabled:pointer-events-none [&::-webkit-calendar-picker-indicator]:cursor-pointer dark:[&::-webkit-calendar-picker-indicator]:invert-[0.95] transition-all duration-150"
    disabled=""
  />
</div>
`;
