// Vitest Snapshot v1, https://vitest.dev/guide/snapshot.html

exports[`<CardDescription /> > should render a snapshot 1`] = `
<p
  class=""
/>
`;
